[INFO] [1784811246.171437]: set_color
[INFO] [1784811246.195728]: [1;32mTrackAndGrapNode initailized[0m
[INFO] [1784811258.027084]: target center=(343.0, 163.0) stable_for=0.01s
[INFO] [1784811258.848684]: grab target center=(343.0, 165.0) dist=0.387 raw_pose=(0.356, -0.002, 0.125) corrected_pose=(0.356, -0.002, 0.085)
[INFO] [1784811279.335528]: grab
[INFO] [1784811279.346876]: target center=(345.0, 165.0) stable_for=20.49s
/home/uavg/.local/lib/python3.8/site-packages/numpy/core/fromnumeric.py:3372: RuntimeWarning: Mean of empty slice.
  return _methods._mean(a, axis=axis, dtype=dtype,
/home/uavg/.local/lib/python3.8/site-packages/numpy/core/_methods.py:170: RuntimeWarning: invalid value encountered in double_scalars
  ret = ret.dtype.type(ret / rcount)
[INFO] [1784811280.366726]: target center=(344.0, 163.0) stable_for=0.21s
[INFO] [1784811281.411170]: target center=(343.0, 165.0) stable_for=0.44s
[INFO] [1784811282.419928]: target center=(343.0, 164.0) stable_for=0.64s
[INFO] [1784811283.436092]: target center=(341.0, 164.0) stable_for=0.04s
[INFO] [1784811284.440588]: target center=(344.0, 163.0) stable_for=0.23s
[INFO] [1784811285.458877]: target center=(344.0, 164.0) stable_for=0.44s
[INFO] [1784811286.493984]: target center=(343.0, 165.0) stable_for=0.67s
[INFO] [1784811287.510976]: target center=(342.0, 163.0) stable_for=0.06s
[INFO] [1784811288.518468]: target center=(343.0, 164.0) stable_for=0.23s
[INFO] [1784811289.530257]: target center=(342.0, 164.0) stable_for=0.44s
[INFO] [1784811290.544189]: target center=(344.0, 163.0) stable_for=0.64s
[INFO] [1784811291.559333]: target center=(343.0, 165.0) stable_for=0.03s
[INFO] [1784811292.564740]: target center=(343.0, 161.0) stable_for=0.23s
[INFO] [1784811293.579063]: target center=(343.0, 164.0) stable_for=0.44s
[INFO] [1784811294.587487]: target center=(342.0, 163.0) stable_for=0.63s
[INFO] [1784811295.605707]: target center=(343.0, 164.0) stable_for=0.03s
[INFO] [1784811296.610927]: target center=(343.0, 163.0) stable_for=0.23s
[INFO] [1784811297.189588]: grab target center=(343.0, 164.0) dist=0.383 raw_pose=(0.354, -0.002, 0.128) corrected_pose=(0.354, -0.002, 0.088)
[INFO] [1784811297.192798]: grasp height: detected z=0.088 -> fixed 0.120
[INFO] [1784811297.195498]: pick start target=(0.379, -0.002, 0.120) pre_grasp=(0.309, -0.002, 0.120) pitch=10
[INFO] [1784811297.704786]: pick ik pre_grasp ret=[True, [498.3145006587664, 221.10021342326968, 66.14277868431321, 796.0903412257505, 500.0], [500, 500, 500, 500, 500], [0.0, 10.0, -0.4045198418960617], 1010.5328484594013]
[INFO] [1784811297.708941]: servo cmd pre_grasp duration=3 ids=((1, 498.3145006587664), (2, 221.10021342326968), (3, 66.14277868431321), (4, 796.0903412257505), (5, 500.0))
[INFO] [1784811300.721672]: pick ik horizontal_insert ret=[True, [498.6256460530482, 168.27458464398, 244.51828192451796, 670.5404667648354, 500.0], [500, 500, 500, 500, 500], [0.0, 10.0, -0.32984494726844377], 759.1219541432893]
[INFO] [1784811300.725866]: servo cmd horizontal_insert duration=2 ids=((1, 498.6256460530482), (2, 168.27458464398), (3, 244.51828192451796), (4, 670.5404667648354), (5, 500.0))
[INFO] [1784811302.732962]: servo cmd close gripper duration=1 ids=((10, 420),)
[INFO] [1784811303.744657]: pick ik lift ret=[True, [498.6256460530482, 241.92282759907692, 203.9427507575025, 637.467754976754, 500.0], [500, 500, 500, 500, 500], [0.0, 10.0, -0.32984494726844377], 692.9765305671264]
[INFO] [1784811303.749224]: servo cmd lift duration=2 ids=((1, 498.6256460530482), (2, 241.92282759907692), (3, 203.9427507575025), (4, 637.467754976754), (5, 500.0))
[INFO] [1784811305.754699]: servo cmd return holding duration=2 ids=((1, 500), (2, 720), (3, 100), (4, 120), (5, 500), (10, 420))
[INFO] [1784811307.761351]: pick done
[INFO] [1784811307.775945]: grab result: SUCCESS grasped (gripper=251)
[INFO] [1784811309.089089]: place
[INFO] [1784811309.099147]: place pose source=last_grasp
[INFO] [1784811309.101079]: place start target=(0.379, -0.002, 0.120) pre_place=(0.379, -0.002, 0.170) retreat=(0.309, -0.002, 0.120) pitch=10
[INFO] [1784811309.609505]: place ik pre_place ret=[True, [498.6256460530482, 241.92282759907692, 203.9427507575025, 637.467754976754, 500.0], [500, 500, 500, 500, 500], [0.0, 10.0, -0.32984494726844377], 692.9765305671264]
[INFO] [1784811309.612983]: servo cmd place pre_place duration=3 ids=((1, 498.6256460530482), (2, 241.92282759907692), (3, 203.9427507575025), (4, 637.467754976754), (5, 500.0))
[INFO] [1784811312.627622]: place ik lower ret=[True, [498.6256460530482, 168.27458464398, 244.51828192451796, 670.5404667648354, 500.0], [500, 500, 500, 500, 500], [0.0, 10.0, -0.32984494726844377], 759.1219541432893]
[INFO] [1784811312.631773]: servo cmd place lower duration=2 ids=((1, 498.6256460530482), (2, 168.27458464398), (3, 244.51828192451796), (4, 670.5404667648354), (5, 500.0))
[INFO] [1784811314.638431]: servo cmd open gripper duration=1 ids=((10, 0),)
[INFO] [1784811315.651932]: place ik retreat ret=[True, [498.3145006587664, 221.10021342326968, 66.14277868431321, 796.0903412257505, 500.0], [500, 500, 500, 500, 500], [0.0, 10.0, -0.4045198418960617], 1010.5328484594013]
[INFO] [1784811315.656197]: servo cmd place retreat duration=2 ids=((1, 498.3145006587664), (2, 221.10021342326968), (3, 66.14277868431321), (4, 796.0903412257505), (5, 500.0))
[INFO] [1784811317.662456]: servo cmd place home open duration=2 ids=((1, 500), (2, 720), (3, 100), (4, 120), (5, 500), (10, 0))
[INFO] [1784811319.669207]: place done
[INFO] [1784811319.682303]: place result: SUCCESS placed at (0.379, -0.002, 0.120) source=last_grasp
[INFO] [1784811639.544364]: target center=(343.0, 138.0) stable_for=0.03s
[INFO] [1784811640.328356]: grab target center=(342.0, 136.0) dist=0.392 raw_pose=(0.382, -0.002, 0.144) corrected_pose=(0.382, -0.002, 0.104)
[INFO] [1784811647.941455]: target center=(440.0, 83.0) stable_for=0.10s
[INFO] [1784811649.025974]: target center=(441.0, 83.0) stable_for=1.19s
[INFO] [1784811649.036864]: grab target center=(441.0, 83.0) dist=0.486 raw_pose=(0.508, -0.141, 0.138) corrected_pose=(0.508, -0.141, 0.098)
[INFO] [1784811651.957945]: target center=(438.0, 82.0) stable_for=0.13s
[INFO] [1784811652.812763]: grab target center=(437.0, 79.0) dist=0.485 raw_pose=(0.511, -0.135, 0.143) corrected_pose=(0.511, -0.135, 0.103)
[INFO] [1784811654.683159]: target center=(439.0, 75.0) stable_for=0.03s
[INFO] [1784811655.474021]: grab target center=(439.0, 76.0) dist=0.432 raw_pose=(0.465, -0.121, 0.172) corrected_pose=(0.465, -0.121, 0.132)
[INFO] [1784811658.527893]: target center=(381.0, 143.0) stable_for=0.03s
[INFO] [1784811659.310408]: grab target center=(381.0, 143.0) dist=0.391 raw_pose=(0.376, -0.044, 0.139) corrected_pose=(0.376, -0.044, 0.099)
[INFO] [1784811661.025384]: target center=(354.0, 161.0) stable_for=0.03s
[INFO] [1784811662.041028]: target center=(361.0, 161.0) stable_for=0.24s
[INFO] [1784811663.046849]: target center=(360.0, 162.0) stable_for=0.43s
[INFO] [1784811664.062432]: target center=(357.0, 160.0) stable_for=0.64s
[INFO] [1784811665.067520]: target center=(357.0, 161.0) stable_for=0.03s
[INFO] [1784811666.085032]: target center=(358.0, 160.0) stable_for=0.24s
[INFO] [1784811666.663419]: grab target center=(355.0, 161.0) dist=0.370 raw_pose=(0.347, -0.014, 0.139) corrected_pose=(0.347, -0.014, 0.099)
[INFO] [1784811684.790068]: grab
[INFO] [1784811684.825290]: target center=(358.0, 162.0) stable_for=18.16s
[INFO] [1784811685.842880]: target center=(360.0, 162.0) stable_for=0.20s
[INFO] [1784811686.849772]: target center=(356.0, 162.0) stable_for=0.40s
[INFO] [1784811687.269046]: grab target center=(358.0, 160.0) dist=0.374 raw_pose=(0.350, -0.017, 0.137) corrected_pose=(0.350, -0.017, 0.097)
[INFO] [1784811687.271772]: grasp height: detected z=0.097 -> fixed 0.120
[INFO] [1784811687.274886]: pick start target=(0.375, -0.017, 0.120) pre_grasp=(0.305, -0.017, 0.120) pitch=10
[INFO] [1784811687.785792]: pick ik pre_grasp ret=[True, [486.50324830902315, 222.00810751634617, 59.410673762566205, 801.9145520544209, 500.0], [500, 500, 500, 500, 500], [0.0, 10.0, -3.2392204058344407], 1033.9925224664853]
[INFO] [1784811687.790540]: servo cmd pre_grasp duration=3 ids=((1, 486.50324830902315), (2, 222.00810751634617), (3, 59.410673762566205), (4, 801.9145520544209), (5, 500.0))
[INFO] [1784811690.804764]: pick ik horizontal_insert ret=[True, [489.016188939646, 172.65358175404464, 233.1917134761855, 677.4880381031032, 500.0], [500, 500, 500, 500, 500], [0.0, 10.0, -2.6361146544849654], 782.6265539332271]
[INFO] [1784811690.807939]: servo cmd horizontal_insert duration=2 ids=((1, 489.016188939646), (2, 172.65358175404464), (3, 233.1917134761855), (4, 677.4880381031032), (5, 500.0))
[INFO] [1784811692.811660]: servo cmd close gripper duration=1 ids=((10, 420),)
[INFO] [1784811693.824764]: pick ik lift ret=[True, [489.016188939646, 246.6935760386157, 193.38139901982908, 643.2583582748887, 500.0], [500, 500, 500, 500, 500], [0.0, 10.0, -2.6361146544849654], 714.167194276798]
[INFO] [1784811693.829315]: servo cmd lift duration=2 ids=((1, 489.016188939646), (2, 246.6935760386157), (3, 193.38139901982908), (4, 643.2583582748887), (5, 500.0))
[INFO] [1784811695.835125]: servo cmd return holding duration=2 ids=((1, 500), (2, 720), (3, 100), (4, 120), (5, 500), (10, 420))
[INFO] [1784811697.841586]: pick done
[INFO] [1784811697.853954]: grab result: SUCCESS grasped (gripper=250)
[INFO] [1784811699.170960]: place
[INFO] [1784811699.184572]: place pose source=last_grasp
[INFO] [1784811699.186751]: place start target=(0.375, -0.017, 0.120) pre_place=(0.375, -0.017, 0.170) retreat=(0.305, -0.017, 0.120) pitch=10
[INFO] [1784811699.695870]: place ik pre_place ret=[True, [489.016188939646, 246.6935760386157, 193.38139901982908, 643.2583582748887, 500.0], [500, 500, 500, 500, 500], [0.0, 10.0, -2.6361146544849654], 714.167194276798]
[INFO] [1784811699.700258]: servo cmd place pre_place duration=3 ids=((1, 489.016188939646), (2, 246.6935760386157), (3, 193.38139901982908), (4, 643.2583582748887), (5, 500.0))
[INFO] [1784811702.713233]: place ik lower ret=[True, [489.016188939646, 172.65358175404464, 233.1917134761855, 677.4880381031032, 500.0], [500, 500, 500, 500, 500], [0.0, 10.0, -2.6361146544849654], 782.6265539332271]
[INFO] [1784811702.717574]: servo cmd place lower duration=2 ids=((1, 489.016188939646), (2, 172.65358175404464), (3, 233.1917134761855), (4, 677.4880381031032), (5, 500.0))
[INFO] [1784811704.723308]: servo cmd open gripper duration=1 ids=((10, 0),)
[INFO] [1784811705.736071]: place ik retreat ret=[True, [486.50324830902315, 222.00810751634617, 59.410673762566205, 801.9145520544209, 500.0], [500, 500, 500, 500, 500], [0.0, 10.0, -3.2392204058344407], 1033.9925224664853]
[INFO] [1784811705.740044]: servo cmd place retreat duration=2 ids=((1, 486.50324830902315), (2, 222.00810751634617), (3, 59.410673762566205), (4, 801.9145520544209), (5, 500.0))
[INFO] [1784811707.744927]: servo cmd place home open duration=2 ids=((1, 500), (2, 720), (3, 100), (4, 120), (5, 500), (10, 0))
[INFO] [1784811709.751460]: place done
[INFO] [1784811709.765985]: place result: SUCCESS placed at (0.375, -0.017, 0.120) source=last_grasp
[INFO] [1784811800.883363]: target center=(429.0, 83.0) stable_for=0.03s
[INFO] [1784811801.659727]: grab target center=(429.0, 83.0) dist=0.425 raw_pose=(0.453, -0.107, 0.169) corrected_pose=(0.453, -0.107, 0.129)
[INFO] [1784811803.547469]: target center=(407.0, 105.0) stable_for=0.04s
[INFO] [1784811804.330487]: grab target center=(408.0, 105.0) dist=0.412 raw_pose=(0.423, -0.079, 0.158) corrected_pose=(0.423, -0.079, 0.118)
[INFO] [1784811806.747434]: target center=(357.0, 151.0) stable_for=0.03s
[INFO] [1784811807.530921]: grab target center=(363.0, 153.0) dist=0.394 raw_pose=(0.371, -0.025, 0.130) corrected_pose=(0.371, -0.025, 0.090)
[INFO] [1784811809.038998]: target center=(345.0, 170.0) stable_for=0.04s
[INFO] [1784811810.050604]: target center=(343.0, 170.0) stable_for=0.23s
[INFO] [1784811811.065298]: target center=(346.0, 170.0) stable_for=0.44s
[INFO] [1784811812.075263]: target center=(344.0, 170.0) stable_for=0.64s
[INFO] [1784811813.093445]: target center=(343.0, 170.0) stable_for=0.04s
[INFO] [1784811814.134472]: target center=(345.0, 170.0) stable_for=0.27s
[INFO] [1784811815.145013]: target center=(345.0, 170.0) stable_for=0.48s
[INFO] [1784811816.158016]: target center=(346.0, 170.0) stable_for=0.67s
[INFO] [1784811817.336458]: target center=(345.0, 170.0) stable_for=0.02s
[INFO] [1784811818.349355]: target center=(343.0, 170.0) stable_for=0.23s
[INFO] [1784811819.360750]: target center=(345.0, 170.0) stable_for=0.44s
[INFO] [1784811820.366449]: target center=(342.0, 169.0) stable_for=0.63s
[INFO] [1784811821.383144]: target center=(344.0, 169.0) stable_for=0.03s
[INFO] [1784811822.393420]: target center=(346.0, 170.0) stable_for=0.23s
[INFO] [1784811823.406091]: target center=(345.0, 170.0) stable_for=0.44s
[INFO] [1784811824.416166]: target center=(343.0, 171.0) stable_for=0.64s
[INFO] [1784811839.147597]: target center=(345.0, 170.0) stable_for=0.03s
[INFO] [1784811840.165463]: target center=(345.0, 170.0) stable_for=0.24s
[INFO] [1784811841.172526]: target center=(344.0, 170.0) stable_for=0.43s
[INFO] [1784811842.185202]: target center=(345.0, 169.0) stable_for=0.64s
[INFO] [1784811843.197410]: target center=(344.0, 171.0) stable_for=0.03s
[INFO] [1784811844.211567]: target center=(342.0, 168.0) stable_for=0.24s
[INFO] [1784811845.219417]: target center=(344.0, 170.0) stable_for=0.44s
[INFO] [1784811846.233026]: target center=(342.0, 170.0) stable_for=0.64s
[INFO] [1784811949.334715]: target center=(362.0, 133.0) stable_for=0.03s
[INFO] [1784811950.119602]: grab target center=(363.0, 134.0) dist=0.379 raw_pose=(0.373, -0.023, 0.154) corrected_pose=(0.373, -0.023, 0.114)
[INFO] [1784811951.631516]: target center=(346.0, 149.0) stable_for=0.03s
[INFO] [1784811952.413051]: grab target center=(344.0, 147.0) dist=0.367 raw_pose=(0.354, -0.002, 0.151) corrected_pose=(0.354, -0.002, 0.111)
[INFO] [1784811952.670892]: grab
[INFO] [1784811952.681863]: target center=(345.0, 148.0) stable_for=0.27s
[INFO] [1784811953.255182]: grab target center=(345.0, 148.0) dist=0.370 raw_pose=(0.356, -0.003, 0.149) corrected_pose=(0.356, -0.003, 0.109)
[INFO] [1784811953.258215]: grasp height: detected z=0.109 -> fixed 0.120
[INFO] [1784811953.260478]: pick start target=(0.381, -0.003, 0.120) pre_grasp=(0.311, -0.003, 0.120) pitch=10
[INFO] [1784811953.768868]: pick ik pre_grasp ret=[True, [497.34445518260804, 220.53795618015477, 69.90038027630806, 792.8949968768704, 500.0], [500, 500, 500, 500, 500], [0.0, 10.0, -0.6373307561740723], 1005.1122052377996]
[INFO] [1784811953.773351]: servo cmd pre_grasp duration=3 ids=((1, 497.34445518260804), (2, 220.53795618015477), (3, 69.90038027630806), (4, 792.8949968768704), (5, 500.0))
[INFO] [1784811956.786243]: pick ik horizontal_insert ret=[True, [497.83230621605986, 165.81260210010095, 250.78878341421466, 666.7319478190177, 500.0], [500, 500, 500, 500, 500], [0.0, 10.0, -0.5202465081456367], 752.2982560886422]
[INFO] [1784811956.790488]: servo cmd horizontal_insert duration=2 ids=((1, 497.83230621605986), (2, 165.81260210010095), (3, 250.78878341421466), (4, 666.7319478190177), (5, 500.0))
[INFO] [1784811958.797040]: servo cmd close gripper duration=1 ids=((10, 420),)
[INFO] [1784811959.810160]: pick ik lift ret=[True, [497.83230621605986, 239.29028057949728, 209.74109492531454, 634.3019578285215, 500.0], [500, 500, 500, 500, 500], [0.0, 10.0, -0.5202465081456367], 687.4382761076498]
[INFO] [1784811959.815213]: servo cmd lift duration=2 ids=((1, 497.83230621605986), (2, 239.29028057949728), (3, 209.74109492531454), (4, 634.3019578285215), (5, 500.0))
[INFO] [1784811961.820905]: servo cmd return holding duration=2 ids=((1, 500), (2, 720), (3, 100), (4, 120), (5, 500), (10, 420))
[INFO] [1784811963.826662]: pick done
[INFO] [1784811963.840051]: grab result: SUCCESS grasped (gripper=251)
[INFO] [1784811980.400495]: place
[INFO] [1784811980.411319]: place pose source=last_grasp
[INFO] [1784811980.414205]: place start target=(0.381, -0.003, 0.120) pre_place=(0.381, -0.003, 0.170) retreat=(0.311, -0.003, 0.120) pitch=10
[INFO] [1784811980.923411]: place ik pre_place ret=[True, [497.83230621605986, 239.29028057949728, 209.74109492531454, 634.3019578285215, 500.0], [500, 500, 500, 500, 500], [0.0, 10.0, -0.5202465081456367], 687.4382761076498]
[INFO] [1784811980.927921]: servo cmd place pre_place duration=3 ids=((1, 497.83230621605986), (2, 239.29028057949728), (3, 209.74109492531454), (4, 634.3019578285215), (5, 500.0))
[INFO] [1784811983.941115]: place ik lower ret=[True, [497.83230621605986, 165.81260210010095, 250.78878341421466, 666.7319478190177, 500.0], [500, 500, 500, 500, 500], [0.0, 10.0, -0.5202465081456367], 752.2982560886422]
[INFO] [1784811983.943939]: servo cmd place lower duration=2 ids=((1, 497.83230621605986), (2, 165.81260210010095), (3, 250.78878341421466), (4, 666.7319478190177), (5, 500.0))
[INFO] [1784811985.948583]: servo cmd open gripper duration=1 ids=((10, 0),)
[INFO] [1784811986.961680]: place ik retreat ret=[True, [497.34445518260804, 220.53795618015477, 69.90038027630806, 792.8949968768704, 500.0], [500, 500, 500, 500, 500], [0.0, 10.0, -0.6373307561740723], 1005.1122052377996]
[INFO] [1784811986.966030]: servo cmd place retreat duration=2 ids=((1, 497.34445518260804), (2, 220.53795618015477), (3, 69.90038027630806), (4, 792.8949968768704), (5, 500.0))
[INFO] [1784811988.973851]: servo cmd place home open duration=2 ids=((1, 500), (2, 720), (3, 100), (4, 120), (5, 500), (10, 0))
[INFO] [1784811990.981114]: place done
[INFO] [1784811990.993989]: place result: SUCCESS placed at (0.381, -0.003, 0.120) source=last_grasp
[INFO] [1784812073.382247]: target center=(332.0, 144.0) stable_for=0.04s
[INFO] [1784812074.166417]: grab target center=(332.0, 142.0) dist=0.370 raw_pose=(0.360, 0.010, 0.153) corrected_pose=(0.360, 0.010, 0.113)
[INFO] [1784812153.630560]: target center=(447.0, 175.0) stable_for=0.47s
[INFO] [1784812158.144546]: target center=(435.0, 195.0) stable_for=4.99s
[INFO] [1784812162.927981]: target center=(406.0, 181.0) stable_for=0.03s
[INFO] [1784812163.945488]: target center=(407.0, 184.0) stable_for=0.24s
[INFO] [1784812164.951063]: target center=(405.0, 180.0) stable_for=0.43s
[INFO] [1784812165.330301]: grab target center=(406.0, 179.0) dist=0.327 raw_pose=(0.303, -0.056, 0.156) corrected_pose=(0.303, -0.056, 0.116)
[INFO] [1784812167.174328]: target center=(361.0, 158.0) stable_for=0.03s
[INFO] [1784812167.965737]: grab target center=(362.0, 159.0) dist=0.363 raw_pose=(0.343, -0.020, 0.145) corrected_pose=(0.343, -0.020, 0.105)
[INFO] [1784812169.339959]: target center=(355.0, 163.0) stable_for=0.03s
[INFO] [1784812170.124012]: grab target center=(354.0, 162.0) dist=0.360 raw_pose=(0.338, -0.012, 0.145) corrected_pose=(0.338, -0.012, 0.105)
[INFO] [1784812170.382799]: grab
[INFO] [1784812170.416645]: target center=(355.0, 165.0) stable_for=0.29s
[INFO] [1784812170.967081]: grab target center=(356.0, 164.0) dist=0.360 raw_pose=(0.337, -0.014, 0.144) corrected_pose=(0.337, -0.014, 0.104)
[INFO] [1784812170.969986]: grasp height: detected z=0.104 -> fixed 0.120
[INFO] [1784812170.973287]: pick start target=(0.362, -0.014, 0.120) pre_grasp=(0.292, -0.014, 0.120) pitch=10
[INFO] [1784812171.484599]: pick ik pre_grasp ret=[True, [488.69096835054785, 224.13853353062524, 33.15205717500294, 826.0427426277051, 500.0], [500, 500, 500, 500, 500], [0.0, 10.0, -2.7141675958685187], 1080.061183571529]
[INFO] [1784812171.489216]: servo cmd pre_grasp duration=3 ids=((1, 488.69096835054785), (2, 224.13853353062524), (3, 33.15205717500294), (4, 826.0427426277051), (5, 500.0))
[INFO] [1784812174.502400]: pick ik horizontal_insert ret=[True, [490.87553832414886, 187.65177988236832, 192.27211365330749, 703.4094397976576, 500.0], [500, 500, 500, 500, 500], [0.0, 10.0, -2.1898708022042745], 832.610007937833]
[INFO] [1784812174.506542]: servo cmd horizontal_insert duration=2 ids=((1, 490.87553832414886), (2, 187.65177988236832), (3, 192.27211365330749), (4, 703.4094397976576), (5, 500.0))
[INFO] [1784812176.510735]: servo cmd close gripper duration=1 ids=((10, 420),)
[INFO] [1784812177.523665]: pick ik lift ret=[True, [490.87553832414886, 264.0037500473121, 154.3835545801839, 664.9460287058373, 500.0], [500, 500, 500, 500, 500], [0.0, 10.0, -2.1898708022042745], 755.6831857541924]
[INFO] [1784812177.529017]: servo cmd lift duration=2 ids=((1, 490.87553832414886), (2, 264.0037500473121), (3, 154.3835545801839), (4, 664.9460287058373), (5, 500.0))
[INFO] [1784812179.534383]: servo cmd return holding duration=2 ids=((1, 500), (2, 720), (3, 100), (4, 120), (5, 500), (10, 420))
[INFO] [1784812181.540232]: pick done
[INFO] [1784812181.556779]: grab result: SUCCESS grasped (gripper=247)
[INFO] [1784812182.889722]: place
[INFO] [1784812182.901237]: place pose source=last_grasp
[INFO] [1784812182.903424]: place start target=(0.362, -0.014, 0.120) pre_place=(0.362, -0.014, 0.170) retreat=(0.292, -0.014, 0.120) pitch=10
[INFO] [1784812183.412166]: place ik pre_place ret=[True, [490.87553832414886, 264.0037500473121, 154.3835545801839, 664.9460287058373, 500.0], [500, 500, 500, 500, 500], [0.0, 10.0, -2.1898708022042745], 755.6831857541924]
[INFO] [1784812183.417034]: servo cmd place pre_place duration=3 ids=((1, 490.87553832414886), (2, 264.0037500473121), (3, 154.3835545801839), (4, 664.9460287058373), (5, 500.0))
[INFO] [1784812186.429061]: place ik lower ret=[True, [490.87553832414886, 187.65177988236832, 192.27211365330749, 703.4094397976576, 500.0], [500, 500, 500, 500, 500], [0.0, 10.0, -2.1898708022042745], 832.610007937833]
[INFO] [1784812186.434027]: servo cmd place lower duration=2 ids=((1, 490.87553832414886), (2, 187.65177988236832), (3, 192.27211365330749), (4, 703.4094397976576), (5, 500.0))
[INFO] [1784812188.440077]: servo cmd open gripper duration=1 ids=((10, 0),)
[INFO] [1784812189.450162]: place ik retreat ret=[True, [488.69096835054785, 224.13853353062524, 33.15205717500294, 826.0427426277051, 500.0], [500, 500, 500, 500, 500], [0.0, 10.0, -2.7141675958685187], 1080.061183571529]
[INFO] [1784812189.454279]: servo cmd place retreat duration=2 ids=((1, 488.69096835054785), (2, 224.13853353062524), (3, 33.15205717500294), (4, 826.0427426277051), (5, 500.0))
[INFO] [1784812191.460515]: servo cmd place home open duration=2 ids=((1, 500), (2, 720), (3, 100), (4, 120), (5, 500), (10, 0))
[INFO] [1784812193.465153]: place done
[INFO] [1784812193.479739]: place result: SUCCESS placed at (0.362, -0.014, 0.120) source=last_grasp
