=== 任务开始  模式=free  站=['collect_a', 'collect_b']  真车 uavg@<CAR_IP> ===

📡 无人机报来: can1, can3

🧠 [1] → can1 (red) 送 collect_a
   理由: can1 的 trip 更短，且当前车在 collect_a 站附近，优先收 can1 更顺路。
已写入 can1: x=-0.496 y=+0.863 yaw=+119.9 deg
===================== can1 (red) -> collect_a  phase=all  15:45:55 =====================
--- nav to can1 ---
[INFO] [1785570359.551916]: nav_goto: waiting for move_base ...
[INFO] [1785570359.819711]: nav_goto: skip pre-rotate (dyaw -110 <= 181)
[INFO] [1785570379.157098]: nav_goto: reached, face recorded yaw 120 deg
done yaw=120.9 target=119.9
SUCCEEDED place=can1 pose=(-0.60,0.90) dist=0.11
--- approach + grab can1 ---
[INFO] [1785570385.653613]: 采集阶段共走 0.00m, 预算重置
[INFO] [1785570385.657347]: init  {"dist": 0.414, "x": 0.4186, "y": -0.0168, "z": 0.1498, "cx": 0.4186, "cy": -0.0168, "cz": 0.1098, "px": 354.0, "py": 113.0}
[INFO] [1785570385.660247]: [1] x=0.419 y=-0.017  err=(+0.069, -0.017)
[INFO] [1785570385.663485]:   drive dx=+0.030 dy=-0.012  (v=0.060 m/s, 0.5s)
[INFO] [1785570388.118471]: [2] x=0.386 y=-0.010  err=(+0.036, -0.010)
[INFO] [1785570388.121537]:   drive dx=+0.025 dy=+0.000  (v=0.060 m/s, 0.4s)
[INFO] [1785570390.474085]: [3] x=0.359 y=-0.003  err=(+0.009, -0.003)
OK: converged: x=0.359 y=-0.003 (2 步, 共走了 0.06m)
  [逼近耗时 6.4s]
GRAB: success=True grasped (gripper=253)
  [连服务 0.00s, 抓取本体 11.1s, 逼近->抓完总计 11.1s]
--- gripper=253 (夹住罐~250 / 空~418 / 张开~63) ---
--- grabbed, nav to collect_a ---
[INFO] [1785570405.706925]: nav_goto: waiting for move_base ...
[INFO] [1785570405.924883]: nav_goto: skip pre-rotate (dyaw 180 <= 181)
[INFO] [1785570416.929361]: nav_goto: reached, face recorded yaw -0 deg
done yaw=-6.4 target=-0.0
SUCCEEDED place=collect_a pose=(-0.09,0.05) dist=0.11
--- place into box ---
success: True
message: "placed at (0.320, 0.000, 0.130) source=explicit"
=== can1 done -> collect_a  15:47:19 ===
   ✅ 收进 collect_a

🧠 [2] → can3 (red) 送 collect_a
   理由: 当前可选罐子 can3 的 trip 是 3.63，且车当前位置在 collect_a，直接前往 can3 的位置最顺路，无需改道。
已写入 can3: x=-1.572 y=-0.904 yaw=-150.2 deg
===================== can3 (red) -> collect_a  phase=all  15:47:20 =====================
--- nav to can3 ---
[INFO] [1785570444.577368]: nav_goto: waiting for move_base ...
[INFO] [1785570444.796568]: nav_goto: skip pre-rotate (dyaw -144 <= 181)
[INFO] [1785570456.134362]: nav_goto: reached, face recorded yaw -150 deg
done yaw=-153.0 target=-150.2
SUCCEEDED place=can3 pose=(-1.51,-0.85) dist=0.08
--- approach + grab can3 ---
[INFO] [1785570462.696744]: 采集阶段共走 0.00m, 预算重置
[INFO] [1785570462.700552]: init  {"dist": 0.474, "x": 0.536, "y": 0.0016, "z": 0.184, "cx": 0.536, "cy": 0.0016, "cz": 0.144, "px": 336.0, "py": 41.0}
[INFO] [1785570462.704101]: [1] x=0.536 y=+0.002  err=(+0.186, +0.002)
[INFO] [1785570462.708077]:   drive dx=+0.030 dy=+0.000  (v=0.060 m/s, 0.5s)
[INFO] [1785570465.091109]: [2] x=0.516 y=-0.004  err=(+0.166, -0.004)
[INFO] [1785570465.094680]:   drive dx=+0.116 dy=+0.000  (v=0.060 m/s, 1.9s)
[INFO] [1785570468.936245]: [3] x=0.390 y=-0.011  err=(+0.040, -0.011)
[INFO] [1785570468.939821]:   drive dx=+0.028 dy=+0.000  (v=0.060 m/s, 0.5s)
[INFO] [1785570471.326026]: [4] x=0.362 y=-0.007  err=(+0.012, -0.007)
OK: converged: x=0.362 y=-0.007 (3 步, 共走了 0.17m)
  [逼近耗时 10.2s]
GRAB: success=True grasped (gripper=246)
  [连服务 0.00s, 抓取本体 11.1s, 逼近->抓完总计 11.1s]
--- gripper=246 (夹住罐~250 / 空~418 / 张开~63) ---
--- grabbed, nav to collect_a ---
[INFO] [1785570486.705303]: nav_goto: waiting for move_base ...
[INFO] [1785570486.973129]: nav_goto: skip pre-rotate (dyaw -178 <= 181)
[INFO] [1785570497.977919]: nav_goto: reached, face recorded yaw -0 deg
done yaw=6.2 target=-0.0
SUCCEEDED place=collect_a pose=(-0.08,-0.07) dist=0.11
--- place into box ---
success: True
message: "placed at (0.320, 0.000, 0.130) source=explicit"
=== can3 done -> collect_a  15:48:38 ===
   ✅ 收进 collect_a

📡 无人机报来: can5

🧠 [3] → can5 (red) 送 collect_a
   理由: can5 到 collect_a 的 trip 是 7.0，且车当前位置在 collect_a，直接前往最省路。
已写入 can5: x=-3.202 y=+1.413 yaw=+156.1 deg
===================== can5 (red) -> collect_a  phase=all  15:48:42 =====================
--- nav to can5 ---
[INFO] [1785570526.151860]: nav_goto: waiting for move_base ...
[INFO] [1785570526.369604]: nav_goto: skip pre-rotate (dyaw 150 <= 181)
[INFO] [1785570546.708518]: nav_goto: reached, face recorded yaw 156 deg
done yaw=154.9 target=156.1
SUCCEEDED place=can5 pose=(-3.10,1.37) dist=0.12
--- approach + grab can5 ---
[INFO] [1785570553.259870]: 采集阶段共走 0.00m, 预算重置
[INFO] [1785570553.263856]: init  {"dist": 0.449, "x": 0.4807, "y": 0.074, "z": 0.1632, "cx": 0.4807, "cy": 0.074, "cz": 0.1232, "px": 279.0, "py": 76.0}
[INFO] [1785570553.267306]: [1] x=0.481 y=+0.074  err=(+0.131, +0.074)
[INFO] [1785570553.270188]:   drive dx=+0.030 dy=+0.030  (v=0.060 m/s, 0.7s)
[INFO] [1785570555.925972]: [2] x=0.451 y=+0.048  err=(+0.101, +0.048)
[INFO] [1785570555.929167]:   drive dx=+0.071 dy=+0.033  (v=0.060 m/s, 1.3s)
[INFO] [1785570559.158326]: [3] x=0.386 y=-0.001  err=(+0.036, -0.001)
[INFO] [1785570559.161970]:   drive dx=+0.025 dy=+0.000  (v=0.060 m/s, 0.4s)
[INFO] [1785570561.483655]: [4] x=0.358 y=+0.003  err=(+0.008, +0.003)
OK: converged: x=0.358 y=+0.003 (3 步, 共走了 0.15m)
  [逼近耗时 9.8s]
GRAB: success=True grasped (gripper=254)
  [连服务 0.00s, 抓取本体 11.1s, 逼近->抓完总计 11.2s]
--- gripper=253 (夹住罐~250 / 空~418 / 张开~63) ---
--- grabbed, nav to collect_a ---
[INFO] [1785570576.730808]: nav_goto: waiting for move_base ...
[INFO] [1785570576.959235]: nav_goto: skip pre-rotate (dyaw -178 <= 181)
[INFO] [1785570598.963649]: nav_goto: reached, face recorded yaw -0 deg
done yaw=1.1 target=-0.0
SUCCEEDED place=collect_a pose=(-0.11,0.01) dist=0.11
--- place into box ---
success: True
message: "placed at (0.320, 0.000, 0.130) source=explicit"
=== can5 done -> collect_a  15:50:15 ===
   ✅ 收进 collect_a

📡 无人机报来: can2

🧠 [4] → can2 (green) 送 collect_a
   理由: 当前可选罐子 can2 的 trip 为 3.78，且车当前位置在 collect_a，直接前往 can2 的位置更顺路，无需改道。
已写入 can2: x=-1.846 y=+0.387 yaw=+168.1 deg
