===================== 开始 18:16:31 =====================
===================== can5 (red) -> collect_a  phase=all  18:16:31 =====================
--- nav to can5 ---
[INFO] [1785579395.754470]: nav_goto: waiting for move_base ...
[INFO] [1785579395.971886]: nav_goto: reached, face recorded yaw 27 deg
done yaw=26.8 target=26.6
SUCCEEDED place=can5 pose=(-1.15,1.51) dist=0.00
--- approach + grab can5 ---
[INFO] [1785579402.501754]: 采集阶段共走 0.00m, 预算重置
[INFO] [1785579402.508399]: init  {"dist": 0.429, "x": 0.4472, "y": 0.0022, "z": 0.1576, "cx": 0.4472, "cy": 0.0022, "cz": 0.1176, "px": 337.0, "py": 94.0}
[INFO] [1785579402.512084]: [1] x=0.447 y=+0.002  err=(+0.097, +0.002)
[INFO] [1785579402.515038]:   drive dx=+0.030 dy=+0.000  (v=0.060 m/s, 0.5s)
[INFO] [1785579404.886271]: [2] x=0.421 y=-0.000  err=(+0.071, -0.000)
[INFO] [1785579404.889685]:   drive dx=+0.050 dy=+0.000  (v=0.060 m/s, 0.8s)
[INFO] [1785579407.618309]: [3] x=0.366 y=+0.002  err=(+0.016, +0.002)
[INFO] [1785579407.621332]:   drive dx=+0.012 dy=+0.000  (v=0.060 m/s, 0.2s)
[INFO] [1785579409.715420]: [4] x=0.359 y=+0.001  err=(+0.009, +0.001)
OK: converged: x=0.359 y=+0.001 (3 步, 共走了 0.09m)
  [逼近耗时 8.8s]
GRAB: success=False grab timed out waiting for result
  [连服务 0.00s, 抓取本体 40.0s, 逼近->抓完总计 40.0s]
