已杀 teleop
===================== 开始 18:16:31 =====================
===================== can5 (red) -> collect_a  phase=all  18:16:31 =====================
--- nav to can5 ---
[INFO] [1785579395.754470]: nav_goto: waiting for move_base ...
[INFO] [1785579395.971886]: nav_goto: reached, face recorded yaw 27 deg
done yaw=26.8 target=26.6
SUCCEEDED place=can5 pose=(-1.15,1.51) dist=0.00
--- approach + grab can5 ---
[INFO] [1785579402.501754]: 采集阶段共走 0.00m, 预算重置
[INFO] [1785579402.508399]: init  {"dist": 0.429, "x": 0.4472, "y": 0.0022, "z": 0.1576, "cx": 0.4472, "cy": 0.0022, "cz": 0.1176, "px": 337.0, "py": 94.0}
[INFO] [1785579402.512084]: [1] x=0.447 y=+0.002  err=(+0.097, +0.002)
[INFO] [1785579402.515038]:   drive dx=+0.030 dy=+0.000  (v=0.060 m/s, 0.5s)
[INFO] [1785579404.886271]: [2] x=0.421 y=-0.000  err=(+0.071, -0.000)
[INFO] [1785579404.889685]:   drive dx=+0.050 dy=+0.000  (v=0.060 m/s, 0.8s)
[INFO] [1785579407.618309]: [3] x=0.366 y=+0.002  err=(+0.016, +0.002)
[INFO] [1785579407.621332]:   drive dx=+0.012 dy=+0.000  (v=0.060 m/s, 0.2s)
[INFO] [1785579409.715420]: [4] x=0.359 y=+0.001  err=(+0.009, +0.001)
OK: converged: x=0.359 y=+0.001 (3 步, 共走了 0.09m)
  [逼近耗时 8.8s]
GRAB: success=False grab timed out waiting for result
  [连服务 0.00s, 抓取本体 40.0s, 逼近->抓完总计 40.0s]
=== 手上夹着 can5, 补送到 collect_a  18:22:23 ===
Usage: rosparam set [options] parameter value

rosparam: error: too many arguments
+ nav_goto --place collect_a --face --thresh 181
[INFO] [1785579745.420143]: nav_goto: waiting for move_base ...
[INFO] [1785579745.697844]: nav_goto: skip pre-rotate (dyaw -82 <= 181)
[INFO] [1785579756.702616]: nav_goto: reached, face recorded yaw 0 deg
done yaw=-1.2 target=0.1
SUCCEEDED place=collect_a pose=(0.00,0.10) dist=0.10
nav 退出码 0
+ place
ERROR: Incompatible arguments to call service:
Too many arguments:
 * Given: ['x27{}x27']
 * Expected: []
Provided arguments are:
 * x27{}x27 (type str)

Service arguments are: []
place 退出码 2
+ 回读夹爪(应该张开 ~63)
1=500  2=717  3=93  4=118  5=499  10=253
观察姿势应为 1=500 2=720 3=100 4=120 5=500;  夹爪 10: 张开~63 夹住~250 空夹~418
+ rosparam set place_pose [0.32, 0.0, 0.13]   # 矮盒落点
+ nav_goto --place collect_a --face --thresh 181
[INFO] [1785579798.409667]: nav_goto: waiting for move_base ...
[INFO] [1785579798.630525]: nav_goto: reached, face recorded yaw 0 deg
done yaw=-1.3 target=0.1
SUCCEEDED place=collect_a pose=(0.04,0.06) dist=0.06
+ place
success: True
message: "placed at (0.320, 0.000, 0.130) source=explicit"
+ 回读夹爪(放成了应该张开 ~63)
1=501  2=718  3=91  4=121  5=499  10=63
观察姿势应为 1=500 2=720 3=100 4=120 5=500;  夹爪 10: 张开~63 夹住~250 空夹~418
